\BOOKMARK [0][-]{chapter*.1}{\376\377\000C\000o\000n\000t\000e\000n\000t}{}% 1
\BOOKMARK [0][-]{chapter*.2}{\376\377\000L\000i\000s\000t\000\040\000o\000f\000\040\000F\000i\000g\000u\000r\000e\000s}{}% 2
\BOOKMARK [0][-]{chapter*.3}{\376\377\000L\000i\000s\000t\000\040\000o\000f\000\040\000T\000a\000b\000l\000e}{}% 3
\BOOKMARK [0][-]{chapter*.3}{\376\377\000L\000i\000s\000t\000\040\000o\000f\000\040\000A\000b\000b\000r\000e\000v\000i\000a\000t\000i\000o\000n\000s}{}% 4
\BOOKMARK [0][-]{chapter*.4}{\376\377\000D\000e\000c\000l\000a\000r\000a\000t\000i\000o\000n}{}% 5
\BOOKMARK [0][-]{chapter*.5}{\376\377\000A\000c\000k\000n\000o\000w\000l\000e\000d\000g\000e\000m\000e\000n\000t\000s}{}% 6
\BOOKMARK [0][-]{chapter*.6}{\376\377\000A\000b\000s\000t\000r\000a\000c\000t}{}% 7
\BOOKMARK [0][-]{chapter.1}{\376\377\000I\000n\000t\000r\000o\000d\000u\000c\000t\000i\000o\000n}{}% 8
\BOOKMARK [1][-]{section.1.1}{\376\377\000C\000o\000n\000t\000e\000x\000t\000\040\000a\000n\000d\000\040\000m\000o\000t\000i\000v\000a\000t\000i\000o\000n}{chapter.1}% 9
\BOOKMARK [2][-]{subsection.1.1.1}{\376\377\000C\000o\000n\000t\000e\000x\000t}{section.1.1}% 10
\BOOKMARK [2][-]{subsection.1.1.2}{\376\377\000P\000r\000o\000b\000l\000e\000m\000\040\000S\000t\000a\000t\000e\000m\000e\000n\000t}{section.1.1}% 11
\BOOKMARK [2][-]{subsection.1.1.3}{\376\377\000M\000o\000t\000i\000v\000a\000t\000i\000o\000n}{section.1.1}% 12
\BOOKMARK [1][-]{section.1.2}{\376\377\000R\000e\000l\000a\000t\000e\000d\000\040\000W\000o\000r\000k}{chapter.1}% 13
\BOOKMARK [1][-]{section.1.3}{\376\377\000T\000h\000e\000s\000i\000s\000\040\000O\000b\000j\000e\000c\000t\000i\000v\000e}{chapter.1}% 14
\BOOKMARK [1][-]{section.1.4}{\376\377\000T\000h\000e\000s\000i\000s\000\040\000S\000t\000r\000u\000c\000t\000u\000r\000e}{chapter.1}% 15
\BOOKMARK [0][-]{chapter.2}{\376\377\000B\000a\000c\000k\000g\000r\000o\000u\000n\000d}{}% 16
\BOOKMARK [1][-]{section.2.1}{\376\377\000K\000o\000l\000m\000o\000g\000o\000r\000o\000v\000-\000A\000r\000n\000o\000l\000d\000\040\000N\000e\000t\000w\000o\000r\000k\000s}{chapter.2}% 17
\BOOKMARK [2][-]{subsection.2.1.1}{\376\377\000K\000A\000N\000\040\000v\000s\000\040\000M\000L\000P\000\040\000A\000r\000c\000h\000i\000t\000e\000c\000t\000u\000r\000e}{section.2.1}% 18
\BOOKMARK [2][-]{subsection.2.1.2}{\376\377\000O\000r\000i\000g\000i\000n\000a\000l\000\040\000K\000A\000N\000\040\000I\000m\000p\000l\000e\000m\000e\000n\000t\000a\000t\000i\000o\000n\000\040\000w\000i\000t\000h\000\040\000B\000-\000S\000p\000l\000i\000n\000e\000s}{section.2.1}% 19
\BOOKMARK [1][-]{section.2.2}{\376\377\000E\000f\000f\000i\000c\000i\000e\000n\000t\000\040\000K\000A\000N\000\040\000V\000a\000r\000i\000a\000n\000t\000s}{chapter.2}% 20
\BOOKMARK [2][-]{subsection.2.2.1}{\376\377\000F\000a\000s\000t\000e\000r\000K\000A\000N\000\040\000\050\000R\000S\000W\000A\000f\000\040\000B\000a\000s\000i\000s\000\051}{section.2.2}% 21
\BOOKMARK [2][-]{subsection.2.2.2}{\376\377\000R\000e\000L\000U\000-\000K\000A\000N}{section.2.2}% 22
\BOOKMARK [2][-]{subsection.2.2.3}{\376\377\000H\000a\000r\000d\000S\000w\000i\000s\000h\000-\000K\000A\000N}{section.2.2}% 23
\BOOKMARK [2][-]{subsection.2.2.4}{\376\377\000T\000e\000L\000U\000-\000K\000A\000N}{section.2.2}% 24
\BOOKMARK [2][-]{subsection.2.2.5}{\376\377\000P\000W\000L\000O\000-\000K\000A\000N\000\040\000\050\000P\000i\000e\000c\000e\000w\000i\000s\000e\000\040\000L\000i\000n\000e\000a\000r\000\040\000O\000p\000t\000i\000m\000i\000s\000a\000t\000i\000o\000n\000\051}{section.2.2}% 25
\BOOKMARK [1][-]{section.2.3}{\376\377\000U\000-\000N\000e\000t\000\040\000S\000e\000g\000m\000e\000n\000t\000a\000t\000i\000o\000n\000\040\000A\000r\000c\000h\000i\000t\000e\000c\000t\000u\000r\000e}{chapter.2}% 26
\BOOKMARK [1][-]{section.2.4}{\376\377\000B\000i\000n\000a\000r\000y\000\040\000N\000e\000u\000r\000a\000l\000\040\000N\000e\000t\000w\000o\000r\000k\000s}{chapter.2}% 27
\BOOKMARK [2][-]{subsection.2.4.1}{\376\377\000S\000t\000r\000a\000i\000g\000h\000t\000-\000T\000h\000r\000o\000u\000g\000h\000\040\000E\000s\000t\000i\000m\000a\000t\000o\000r\000\040\000\050\000S\000T\000E\000\051}{section.2.4}% 28
\BOOKMARK [2][-]{subsection.2.4.2}{\376\377\000K\000e\000y\000\040\000B\000N\000N\000\040\000T\000e\000c\000h\000n\000i\000q\000u\000e\000s}{section.2.4}% 29
\BOOKMARK [1][-]{section.2.5}{\376\377\000L\000o\000s\000s\000\040\000F\000u\000n\000c\000t\000i\000o\000n\000s\000\040\000f\000o\000r\000\040\000S\000e\000g\000m\000e\000n\000t\000a\000t\000i\000o\000n}{chapter.2}% 30
\BOOKMARK [2][-]{subsection.2.5.1}{\376\377\000C\000r\000o\000s\000s\000-\000E\000n\000t\000r\000o\000p\000y\000\040\000L\000o\000s\000s}{section.2.5}% 31
\BOOKMARK [2][-]{subsection.2.5.2}{\376\377\000D\000i\000c\000e\000\040\000L\000o\000s\000s}{section.2.5}% 32
\BOOKMARK [2][-]{subsection.2.5.3}{\376\377\000C\000o\000m\000b\000i\000n\000e\000d\000\040\000C\000r\000o\000s\000s\000-\000E\000n\000t\000r\000o\000p\000y\000\040\000D\000i\000c\000e\000\040\000L\000o\000s\000s}{section.2.5}% 33
\BOOKMARK [1][-]{section.2.6}{\376\377\000O\000p\000t\000i\000m\000i\000z\000a\000t\000i\000o\000n\000\040\000a\000n\000d\000\040\000A\000c\000t\000i\000v\000a\000t\000i\000o\000n\000\040\000F\000u\000n\000c\000t\000i\000o\000n\000s}{chapter.2}% 34
\BOOKMARK [2][-]{subsection.2.6.1}{\376\377\000K\000A\000N\000\040\000O\000p\000t\000i\000m\000i\000z\000a\000t\000i\000o\000n\000\040\000a\000n\000d\000\040\000A\000c\000c\000e\000l\000e\000r\000a\000t\000i\000o\000n}{section.2.6}% 35
\BOOKMARK [2][-]{subsection.2.6.2}{\376\377\000A\000c\000t\000i\000v\000a\000t\000i\000o\000n\000\040\000F\000u\000n\000c\000t\000i\000o\000n\000s}{section.2.6}% 36
\BOOKMARK [1][-]{section.2.7}{\376\377\000B\000D\000D\0001\0000\0000\000K\000\040\000D\000a\000t\000a\000s\000e\000t}{chapter.2}% 37
\BOOKMARK [0][-]{chapter.3}{\376\377\000M\000e\000t\000h\000o\000d\000o\000l\000o\000g\000y\000\040\000a\000n\000d\000\040\000A\000r\000c\000h\000i\000t\000e\000c\000t\000u\000r\000e\000\040\000D\000e\000s\000i\000g\000n}{}% 38
\BOOKMARK [1][-]{section.3.1}{\376\377\000U\000K\000A\000N\000:\000\040\000U\000-\000S\000h\000a\000p\000e\000d\000\040\000K\000A\000N\000\040\000S\000e\000g\000m\000e\000n\000t\000a\000t\000i\000o\000n\000\040\000N\000e\000t\000w\000o\000r\000k}{chapter.3}% 39
\BOOKMARK [2][-]{subsection.3.1.1}{\376\377\000O\000v\000e\000r\000a\000l\000l\000\040\000A\000r\000c\000h\000i\000t\000e\000c\000t\000u\000r\000e}{section.3.1}% 40
\BOOKMARK [2][-]{subsection.3.1.2}{\376\377\000K\000A\000N\000\040\000E\000n\000c\000o\000d\000e\000r\000\040\000a\000n\000d\000\040\000B\000o\000t\000t\000l\000e\000n\000e\000c\000k}{section.3.1}% 41
\BOOKMARK [2][-]{subsection.3.1.3}{\376\377\000K\000A\000N\000B\000l\000o\000c\000k\000\040\000D\000e\000s\000i\000g\000n}{section.3.1}% 42
\BOOKMARK [2][-]{subsection.3.1.4}{\376\377\000D\000e\000c\000o\000d\000e\000r}{section.3.1}% 43
\BOOKMARK [1][-]{section.3.2}{\376\377\000B\000i\000K\000A\000S\000e\000g\000N\000e\000t\000:\000\040\000B\000i\000n\000a\000r\000i\000z\000e\000d\000\040\000K\000A\000N\000\040\000S\000e\000g\000m\000e\000n\000t\000a\000t\000i\000o\000n\000\040\000N\000e\000t\000w\000o\000r\000k}{chapter.3}% 44
\BOOKMARK [2][-]{subsection.3.2.1}{\376\377\000B\000i\000K\000A\000\137\000C\000o\000n\000v\0002\000d\000:\000\040\000T\000h\000e\000\040\000B\000i\000n\000a\000r\000i\000z\000e\000d\000\040\000K\000A\000N\000\040\000C\000o\000n\000v\000o\000l\000u\000t\000i\000o\000n}{section.3.2}% 45
\BOOKMARK [2][-]{subsection.3.2.2}{\376\377\000B\000i\000K\000A\000C\000o\000n\000v\000B\000l\000o\000c\000k\000:\000\040\000E\000n\000h\000a\000n\000c\000e\000d\000\040\000B\000i\000n\000a\000r\000y\000\040\000B\000l\000o\000c\000k}{section.3.2}% 46
\BOOKMARK [2][-]{subsection.3.2.3}{\376\377\000B\000i\000K\000A\000S\000e\000g\000N\000e\000t\000\040\000A\000r\000c\000h\000i\000t\000e\000c\000t\000u\000r\000e}{section.3.2}% 47
\BOOKMARK [1][-]{section.3.3}{\376\377\000T\000r\000a\000i\000n\000i\000n\000g\000\040\000M\000e\000t\000h\000o\000d\000o\000l\000o\000g\000y}{chapter.3}% 48
\BOOKMARK [2][-]{subsection.3.3.1}{\376\377\000O\000p\000t\000i\000m\000i\000s\000a\000t\000i\000o\000n\000\040\000f\000o\000r\000\040\000B\000N\000N\000\040\000S\000t\000a\000b\000i\000l\000i\000t\000y}{section.3.3}% 49
\BOOKMARK [2][-]{subsection.3.3.2}{\376\377\000D\000a\000t\000a\000\040\000A\000u\000g\000m\000e\000n\000t\000a\000t\000i\000o\000n}{section.3.3}% 50
\BOOKMARK [2][-]{subsection.3.3.3}{\376\377\000T\000r\000a\000i\000n\000i\000n\000g\000\040\000I\000n\000f\000r\000a\000s\000t\000r\000u\000c\000t\000u\000r\000e}{section.3.3}% 51
\BOOKMARK [0][-]{chapter.4}{\376\377\000E\000x\000p\000e\000r\000i\000m\000e\000n\000t\000a\000l\000\040\000E\000v\000a\000l\000u\000a\000t\000i\000o\000n\000\040\000a\000n\000d\000\040\000R\000e\000s\000u\000l\000t\000s}{}% 52
\BOOKMARK [1][-]{section.4.1}{\376\377\000E\000x\000p\000e\000r\000i\000m\000e\000n\000t\000a\000l\000\040\000S\000e\000t\000u\000p}{chapter.4}% 53
\BOOKMARK [1][-]{section.4.2}{\376\377\000S\000e\000g\000m\000e\000n\000t\000a\000t\000i\000o\000n\000\040\000Q\000u\000a\000l\000i\000t\000y\000\040\000B\000e\000n\000c\000h\000m\000a\000r\000k\000s}{chapter.4}% 54
\BOOKMARK [1][-]{section.4.3}{\376\377\000M\000o\000d\000e\000l\000\040\000E\000f\000f\000i\000c\000i\000e\000n\000c\000y\000\040\000A\000n\000a\000l\000y\000s\000i\000s}{chapter.4}% 55
\BOOKMARK [2][-]{subsection.4.3.1}{\376\377\000I\000n\000f\000e\000r\000e\000n\000c\000e\000\040\000T\000h\000r\000o\000u\000g\000h\000p\000u\000t}{section.4.3}% 56
\BOOKMARK [1][-]{section.4.4}{\376\377\000A\000b\000l\000a\000t\000i\000o\000n\000\040\000S\000t\000u\000d\000i\000e\000s}{chapter.4}% 57
\BOOKMARK [2][-]{subsection.4.4.1}{\376\377\000E\000f\000f\000e\000c\000t\000\040\000o\000f\000\040\000K\000A\000N\000\040\000V\000a\000r\000i\000a\000n\000t\000\040\000S\000e\000l\000e\000c\000t\000i\000o\000n}{section.4.4}% 58
\BOOKMARK [2][-]{subsection.4.4.2}{\376\377\000E\000f\000f\000e\000c\000t\000\040\000o\000f\000\040\000K\000n\000o\000w\000l\000e\000d\000g\000e\000\040\000D\000i\000s\000t\000i\000l\000l\000a\000t\000i\000o\000n}{section.4.4}% 59
\BOOKMARK [2][-]{subsection.4.4.3}{\376\377\000E\000f\000f\000e\000c\000t\000\040\000o\000f\000\040\000B\000N\000N\000\040\000T\000r\000a\000i\000n\000i\000n\000g\000\040\000T\000e\000c\000h\000n\000i\000q\000u\000e\000s}{section.4.4}% 60
\BOOKMARK [0][-]{chapter.5}{\376\377\000C\000o\000n\000c\000l\000u\000s\000i\000o\000n\000s\000\040\000a\000n\000d\000\040\000F\000u\000t\000u\000r\000e\000\040\000W\000o\000r\000k\000s}{}% 61
\BOOKMARK [1][-]{section.5.1}{\376\377\000C\000o\000n\000c\000l\000u\000s\000i\000o\000n\000s}{chapter.5}% 62
\BOOKMARK [1][-]{section.5.2}{\376\377\000F\000u\000t\000u\000r\000e\000\040\000W\000o\000r\000k\000s}{chapter.5}% 63
\BOOKMARK [0][-]{section.5.2}{\376\377\000B\000i\000b\000l\000i\000o\000g\000r\000a\000p\000h\000y}{}% 64
